// Jest Snapshot v1, https://goo.gl/fbAQLP

exports[`<App /> render() renders the component 1`] = `
<Router
  history={
    Object {
      "action": "POP",
      "block": [Function],
      "createHref": [Function],
      "go": [Function],
      "goBack": [Function],
      "goForward": [Function],
      "length": 1,
      "listen": [Function],
      "location": Object {
        "hash": "",
        "pathname": "/",
        "search": "",
        "state": undefined,
      },
      "push": [Function],
      "replace": [Function],
    }
  }
>
  <Switch>
    <Route
      component={[Function]}
      exact={true}
      path="/"
    />
    <Route
      component={[Function]}
      path="/login"
    />
    <Route
      component={[Function]}
      path="/order"
    />
    <Route
      component={[Function]}
      path="/orders"
    />
    <Route
      component={[Function]}
      path="/dashboard"
    />
    <Route
      component={[Function]}
      path="/summary"
    />
    <Route
      component={[Function]}
      path="/mealday"
    />
  </Switch>
</Router>
`;
